[FAST] => 332.84
408.2
452.16
252
252
252
238.64
[ULTRAFAST] => 332.84
408.2
452.16
409.5
409.5
409.5
238.64
[SLOW] => 332.84
408.2
452.16
63
63
63
238.64
[MEDIUM] => 332.84
408.2
452.16
126
126
126
238.64
[UNKNOWN] => 332.84
408.2
452.16
31.5
31.5
31.5
238.64
